python : Traceback (most recent call last):
At line:1 char:41
+ ... "Waiting for test to complete..."; python 
test_ml_api.py 2>&1 | Tee-O ...
+                                        
~~~~~~~~~~~~~~~~~~~~~~~~~~
    + CategoryInfo          : NotSpecified: (Tr 
   aceback (most recent call last)::String) []  
  , RemoteException
    + FullyQualifiedErrorId : NativeCommandErro 
   r
 
  File "C:\Users\kenne\Downloads\ml-model-traini
ng\bot_modules\GoldGPT\test_ml_api.py", line 
90, in <module>
    main()
  File "C:\Users\kenne\Downloads\ml-model-traini
ng\bot_modules\GoldGPT\test_ml_api.py", line 
46, in main
    print("\U0001f9e0 ML Dashboard API Test")
  File "C:\Users\kenne\AppData\Local\Programs\Py
thon\Python311\Lib\encodings\cp1252.py", line 
19, in encode
    return codecs.charmap_encode(input,self.erro
rs,encoding_table)[0]
           ^^^^^^^^^^^^^^^^^^^^^^^^^^^^^^^^^^^^^
^^^^^^^^^^^^^^^^^^
UnicodeEncodeError: 'charmap' codec can't 
encode character '\U0001f9e0' in position 0: 
character maps to <undefined>
